src/pages/AdminNotifications.tsx(302,58): error TS2339: Property '_id' does not exist on type 'Organization'.
src/pages/AdminNotifications.tsx(307,88): error TS2339: Property '_id' does not exist on type 'Organization'.
src/pages/AdminNotifications.tsx(308,83): error TS2339: Property '_id' does not exist on type 'Organization'.
src/pages/AdminNotifications.tsx(313,117): error TS2339: Property 'organizationPrefix' does not exist on type 'Organization'.
